Done.
Done.
Done.
abc1234d
234d
Switched to new tab 1.
Done.
Switched to new tab 2.
Done.
Switched to tab 1.
ABCD
Switched to tab 2.
8
Switched to tab 2.
9876
Switched to tab 0.
abc1
