Done.
Done.
Done.
defabcgh
Switched to new tab 1.
Done.
Done.
Switched to tab 0.
Done.
defabcghABCD
Switched to tab 1.
Done.
1234
Done.
Done.
1234
