Done.
Done.
Done.
dAAae
Switched to new tab 1.
Done.
Done.
126
Done.
Done.
Switched to tab 0.
Done.
6dAAae
Switched to new tab 2.
Done.
Done.
abcgfed
Done.
AAA
Done.
qAA
